// Jest Snapshot v1, https://goo.gl/fbAQLP

exports[`<Button> matches snapshot 1`] = `
<button
  className="button"
  onClick={[Function]}
  rest={Object {}}
  type="button"
>
  Hello, world
</button>
`;
