// Jest Snapshot v1, https://goo.gl/fbAQLP

exports[`<Field> matches snapshot 1`] = `
<div
  className="field"
>
  Hello, world!
</div>
`;
