// Jest Snapshot v1, https://goo.gl/fbAQLP

exports[`<Form> matches snapshot 1`] = `
<form
  onSubmit={[Function]}
>
  I am a form!
</form>
`;
